jace/apple2e/Speaker$1.class
jace/apple2e/MOS65C02$RMBCommand.class
jace/apple2e/VideoNTSC$VideoMode.class
jace/EmulatorUILogic.class
jace/apple2e/MOS65C02$MODE.class
jace/tracker/UserInterface$Note.class
jace/ui/Watch.class
jace/applesoft/ApplesoftHandler$1.class
jace/hardware/ProdosDriver.class
jace/core/KeyHandler.class
jace/state/State.class
jace/core/Keyboard.class
jace/core/RAMEvent$TYPE.class
jace/ide/TextHandler$1.class
jace/hardware/ConsoleProbeSimple$1.class
jace/hardware/massStorage/IDisk.class
jace/hardware/PassportMidiInterface$TIMER_MODE.class
jace/core/Font.class
jace/tracker/UserInterface$1.class
jace/apple2e/VideoDHGR$3.class
jace/core/Debugger.class
jace/hardware/mockingboard/AY8910_old.class
jace/apple2e/SoftSwitches$3.class
jace/state/StateManager.class
jace/apple2e/VideoNTSC$ModeStateChanges.class
jace/hardware/mockingboard/AY8910_old$PSG.class
jace/core/RAM$4.class
jace/tracker/Song.class
jace/core/SoundMixer.class
jace/assembly/AssemblyHandler.class
jace/hardware/mockingboard/SoundGenerator.class
jace/core/CPU.class
jace/ide/HeadlessProgram.class
jace/assembly/AcmeCrossAssembler.class
jace/core/VideoWriter.class
jace/tracker/UserInterface$Theme.class
jace/tracker/EditableLabel$1.class
jace/core/RAM$1.class
jace/hardware/CardSSC$1.class
jace/applesoft/ApplesoftProgram.class
jace/hardware/ConsoleProbe$KeyReader.class
jace/tracker/PlaybackEngine$1.class
jace/hardware/massStorage/FreespaceBitmap.class
jace/ide/TextHandler.class
jace/cheat/DynamicCheat.class
jace/apple2e/MOS65C02$SMBCommand.class
jace/hardware/mockingboard/PSG.class
jace/apple2e/VideoNTSC.class
jace/hardware/FloppyDisk.class
jace/state/ObjectGraphNode$DirtyFlag.class
jace/cheat/MetaCheat$SearchType.class
jace/Emulator.class
jace/tracker/Row.class
jace/config/ClassSelection$2.class
jace/cheat/Cheats.class
jace/hardware/PassportMidiInterface$PTMTimer.class
jace/hardware/mockingboard/PSG$Reg.class
jace/apple2e/SoftSwitches$1.class
jace/config/ConfigurationUIController.class
jace/hardware/ConsoleProbe$ScreenReader.class
jace/tracker/Pattern.class
jace/ui/MetacheatUI$1.class
jace/tracker/EditableLabel.class
jace/apple2e/VideoDHGR.class
jace/hardware/mockingboard/AY8910_old$1.class
jace/core/SoundMixer$1.class
jace/hardware/Joystick.class
jace/apple2e/SoftSwitches.class
jace/core/Palette.class
jace/library/TocTreeModel$1.class
jace/state/ObjectGraphNode.class
jace/core/RAM.class
jace/apple2e/softswitch/IntC8SoftSwitch$2.class
jace/apple2e/RAM128k.class
jace/hardware/CardThunderclock.class
jace/library/DiskType.class
jace/hardware/CardDiskII.class
jace/apple2e/softswitch/IntC8SoftSwitch$1.class
jace/config/ConfigurableField.class
jace/config/ConfigurationUIController$1.class
jace/core/RAMEvent$VALUE.class
jace/library/TocTreeModel$2.class
jace/hardware/massStorage/FileNode.class
jace/hardware/massStorage/ProdosVirtualDisk.class
jace/apple2e/VideoNTSC$1.class
jace/ConvertDiskImage.class
jace/apple2e/VideoNTSC$rgbMode.class
jace/hardware/PassportMidiInterface$2.class
jace/config/Configuration.class
jace/hardware/CardRamFactor.class
jace/apple2e/SoftSwitches$5.class
jace/tracker/Row$ChannelData.class
jace/hardware/ConsoleProbeSimple.class
jace/tracker/UserInterface.class
jace/core/Keyboard$1.class
jace/hardware/mockingboard/PSG$1.class
jace/tracker/PlaybackEngine.class
jace/apple2e/Speaker.class
jace/hardware/ConsoleProbeSimple$KeyReader.class
jace/tracker/Command$CommandScope.class
jace/apple2e/MOS65C02$MODE$1.class
jace/core/RAMEvent.class
jace/hardware/NoSlotClock.class
jace/apple2e/MOS65C02$CommandProcessor.class
jace/hardware/CardSSC.class
jace/core/PagedMemory$Type.class
jace/hardware/massStorage/FileNode$FileType.class
jace/config/ISelection.class
jace/apple2e/softswitch/MemorySoftSwitch.class
jace/ui/MetacheatUI.class
jace/hardware/ProdosDriver$1.class
jace/core/Keyboard$2.class
jace/hardware/mockingboard/R6522$1.class
jace/tracker/UserInterface$2.class
jace/config/DynamicSelection.class
jace/hardware/massStorage/DiskNode$EntryType.class
jace/tracker/Command$CommandType.class
jace/hardware/CardMockingboard$1.class
jace/library/MediaConsumer.class
jace/config/InvokableAction.class
jace/tracker/EditableLabel$2.class
jace/hardware/CardHayesMicromodem.class
jace/core/Utility$RankingComparator.class
jace/apple2e/VideoDHGR$4.class
jace/ide/LanguageHandler.class
jace/cheat/MetaCheat$1.class
jace/apple2e/MOS65C02$OPCODE.class
jace/ide/IdeController.class
jace/applesoft/ApplesoftProgram$1.class
jace/hardware/massStorage/MassStorageDrive.class
jace/core/TimedDevice.class
jace/assembly/AcmeCompiler.class
jace/apple2e/VideoDHGR$9.class
jace/state/StateManager$1.class
jace/tracker/Row$Note.class
jace/config/Name.class
jace/apple2e/SoftSwitches$4.class
jace/config/Reconfigurable.class
jace/ui/Library.class
jace/core/Utility.class
jace/apple2e/SoftSwitches$2.class
jace/library/TransferableMediaEntry.class
jace/tracker/Song$Format.class
jace/hardware/massStorage/SubNode.class
jace/cheat/MetaCheat$SearchChangeType.class
jace/apple2e/MOS65C02$COMMAND.class
jace/hardware/mockingboard/AY8910_old$Reg.class
jace/core/PagedMemory.class
jace/cheat/MetaCheat.class
jace/hardware/PassportMidiInterface$1.class
jace/core/RAMEvent$SCOPE.class
jace/ide/CompileResult.class
jace/hardware/massStorage/CardMassStorage.class
jace/hardware/PassportMidiInterface.class
jace/library/MediaConsumerParent.class
jace/state/StateValue.class
jace/hardware/massStorage/DirectoryNode.class
jace/hardware/massStorage/DiskNode.class
jace/hardware/mockingboard/TimedGenerator.class
jace/hardware/mockingboard/PSG$BusControl.class
jace/library/TocTreeModel.class
jace/hardware/CardMockingboard.class
jace/library/MediaCache$1.class
jace/core/Card.class
jace/tracker/Row$EnvelopeShape.class
jace/apple2e/Apple2e.class
jace/tracker/SongPersistor.class
jace/hardware/CardExt80Col.class
jace/config/ClassSelection$1.class
jace/hardware/NoSlotClock$1.class
jace/core/RAMEvent$RAMEventHandler.class
jace/core/Utility$1.class
jace/apple2e/VideoDHGR$1.class
jace/core/SoftSwitch$3.class
jace/JaceApplication.class
jace/tracker/EditableLabel$2$1.class
jace/applesoft/Command$ByteOrToken.class
jace/state/Stateful.class
jace/config/Configuration$ConfigNode.class
jace/EmulatorUILogic$1.class
jace/hardware/mockingboard/EnvelopeGenerator.class
jace/core/RAMListener.class
jace/apple2e/VideoDHGR$7.class
jace/apple2e/MOS65C02$BBRCommand.class
jace/JaceUIController.class
jace/core/RAM$2.class
jace/apple2e/softswitch/KeyboardSoftSwitch.class
jace/applesoft/ApplesoftHandler.class
jace/core/Device.class
jace/core/Computer.class
jace/hardware/massStorage/FileNode$1.class
jace/core/RAM$3.class
jace/hardware/mockingboard/NoiseGenerator.class
jace/core/Video.class
jace/applesoft/Command$TOKEN.class
jace/apple2e/softswitch/Memory2SoftSwitch.class
jace/core/SoftSwitch$4.class
jace/apple2e/VideoDHGR$2.class
jace/apple2e/softswitch/VideoSoftSwitch.class
jace/hardware/ProdosDriver$MLI_COMMAND_TYPE.class
jace/hardware/mockingboard/R6522.class
jace/cheat/MontezumasRevengeCheats.class
jace/library/MediaCache.class
jace/cheat/MetaCheat$SearchResult.class
jace/config/ClassSelection.class
jace/applesoft/Line.class
jace/tracker/Row$Channel.class
jace/apple2e/VideoDHGR$13.class
jace/apple2e/softswitch/IntC8SoftSwitch.class
jace/ide/Program.class
jace/core/SoftSwitch.class
jace/hardware/ConsoleProbe.class
jace/apple2e/VideoDHGR$5.class
jace/library/MediaEntry.class
jace/hardware/massStorage/CardMassStorage$2.class
jace/hardware/SmartportDriver.class
jace/hardware/mockingboard/R6522$Register.class
jace/apple2e/VideoDHGR$8.class
jace/cheat/PrinceOfPersiaCheats.class
jace/cheat/MemoryCell.class
jace/core/SoftSwitch$2.class
jace/apple2e/VideoDHGR$12.class
jace/apple2e/MOS65C02$BBSCommand.class
jace/hardware/DiskIIDrive.class
jace/hardware/CardRamworks$BankType.class
jace/tracker/Command.class
jace/library/MediaEntry$MediaFile.class
jace/hardware/SmartportDriver$ERROR_CODE.class
jace/tracker/EditableLabel$cards.class
jace/apple2e/MOS65C02.class
jace/hardware/massStorage/LargeDisk.class
jace/hardware/massStorage/CardMassStorage$1.class
jace/apple2e/VideoDHGR$6.class
jace/apple2e/VideoDHGR$11.class
jace/hardware/ProdosDriver$MLI_RETURN.class
jace/hardware/ConsoleProbe$1.class
jace/ide/Program$Option.class
jace/hardware/CardRamworks.class
jace/core/SoftSwitch$1.class
jace/apple2e/MOS65C02$AddressCalculator.class
jace/core/Motherboard.class
jace/ide/Program$DocumentType.class
jace/apple2e/VideoDHGR$10.class
jace/hardware/CardAppleMouse.class
jace/applesoft/Command.class
